CCS PCH C Compiler, Version 5.015, 5967               02-Apr-26 14:49

               Filename:   D:\intern\code\test_led.lst

               ROM used:   30 bytes (0%)
                           Largest free fragment is 65506
               RAM used:   4 (0%) at main() level
                           4 (0%) worst case
               Stack used: 0 locations
               Stack size: 31

*
00000:  GOTO   0004
....................  
.................... #include <18F2685.h> 
.................... //////////// Standard Header file for the PIC18F2685 device //////////////// 
.................... /////////////////////////////////////////////////////////////////////////// 
.................... ////        (C) Copyright 1996, 2013 Custom Computer Services          //// 
.................... //// This source code may only be used by licensed users of the CCS C  //// 
.................... //// compiler.  This source code may only be distributed to other      //// 
.................... //// licensed users of the CCS C compiler.  No other use, reproduction //// 
.................... //// or distribution is permitted without written permission.          //// 
.................... //// Derivative programs created using this software in object code    //// 
.................... //// form are not restricted in any way.                               //// 
.................... /////////////////////////////////////////////////////////////////////////// 
.................... #device PIC18F2685 
....................  
.................... #list 
....................  
.................... #fuses HS, NOWDT, NOPROTECT, NOLVP 
.................... #use delay(clock=20000000) 
....................  
.................... #define LED1 PIN_B2 
.................... #define LED2 PIN_B3 
....................  
....................  
....................  
.................... void main(void) { 
00004:  CLRF   FF8
00006:  BCF    FD0.7
00008:  MOVF   FC1,W
0000A:  ANDLW  C0
0000C:  IORLW  0F
0000E:  MOVWF  FC1
....................     setup_adc(ADC_OFF); 
00010:  BCF    FC2.0
....................      
....................     output_high(LED1); 
00012:  BCF    F93.2
00014:  BSF    F8A.2
....................     output_high(LED2); 
00016:  BCF    F93.3
00018:  BSF    F8A.3
....................      
....................     while(TRUE) { 
0001A:  BRA    001A
....................          
....................     } 
....................     
....................   
.................... } 
....................  
0001C:  SLEEP 
....................  

Configuration Fuses:
   Word  1: C200   HS FCMEN IESO
   Word  2: 1E1E   PUT BROWNOUT BORV21 NOWDT WDT32768
   Word  3: 8600   PBADEN LPT1OSC MCLR
   Word  4: 00B1   STVREN NOLVP NOXINST NODEBUG
   Word  5: C03F   NOPROTECT NOCPB NOCPD
   Word  6: E03F   NOWRT NOWRTC NOWRTB NOWRTD
   Word  7: 403F   NOEBTR NOEBTRB
