CCS PCH C Compiler, Version 5.015, 5967               02-Apr-26 16:31

               Filename:   D:\intern\code\test_sensor.lst

               ROM used:   454 bytes (0%)
                           Largest free fragment is 65078
               RAM used:   26 (1%) at main() level
                           28 (1%) worst case
               Stack used: 2 locations (1 in main + 1 for interrupts)
               Stack size: 31

*
00000:  GOTO   0158
*
00008:  MOVWF  04
0000A:  MOVFF  FD8,05
0000E:  MOVFF  FE0,06
00012:  MOVLB  0
00014:  MOVFF  FE9,0C
00018:  MOVFF  FEA,07
0001C:  MOVFF  FE1,08
00020:  MOVFF  FE2,09
00024:  MOVFF  FD9,0A
00028:  MOVFF  FDA,0B
0002C:  MOVFF  FF3,12
00030:  MOVFF  FF4,13
00034:  MOVFF  FFA,14
00038:  MOVFF  FFB,15
0003C:  MOVFF  00,0E
00040:  MOVFF  01,0F
00044:  MOVFF  02,10
00048:  MOVFF  03,11
0004C:  BTFSS  FF2.5
0004E:  GOTO   0058
00052:  BTFSC  FF2.2
00054:  GOTO   00AA
00058:  BTFSS  FF2.3
0005A:  GOTO   0064
0005E:  BTFSC  FF2.0
00060:  GOTO   0124
00064:  MOVFF  0E,00
00068:  MOVFF  0F,01
0006C:  MOVFF  10,02
00070:  MOVFF  11,03
00074:  MOVFF  0C,FE9
00078:  MOVFF  07,FEA
0007C:  BSF    07.7
0007E:  MOVFF  08,FE1
00082:  MOVFF  09,FE2
00086:  MOVFF  0A,FD9
0008A:  MOVFF  0B,FDA
0008E:  MOVFF  12,FF3
00092:  MOVFF  13,FF4
00096:  MOVFF  14,FFA
0009A:  MOVFF  15,FFB
0009E:  MOVF   04,W
000A0:  MOVFF  06,FE0
000A4:  MOVFF  05,FD8
000A8:  RETFIE 0
.................... #include <18F2685.h> 
.................... //////////// Standard Header file for the PIC18F2685 device //////////////// 
.................... /////////////////////////////////////////////////////////////////////////// 
.................... ////        (C) Copyright 1996, 2013 Custom Computer Services          //// 
.................... //// This source code may only be used by licensed users of the CCS C  //// 
.................... //// compiler.  This source code may only be distributed to other      //// 
.................... //// licensed users of the CCS C compiler.  No other use, reproduction //// 
.................... //// or distribution is permitted without written permission.          //// 
.................... //// Derivative programs created using this software in object code    //// 
.................... //// form are not restricted in any way.                               //// 
.................... /////////////////////////////////////////////////////////////////////////// 
.................... #device PIC18F2685 
....................  
.................... #list 
....................  
.................... #fuses HS, NOWDT, NOPROTECT, NOLVP 
.................... #use delay(clock=20000000) 
*
00132:  CLRF   FEA
00134:  MOVLW  1A
00136:  MOVWF  FE9
00138:  MOVF   FEF,W
0013A:  BZ    0156
0013C:  MOVLW  06
0013E:  MOVWF  01
00140:  CLRF   00
00142:  DECFSZ 00,F
00144:  BRA    0142
00146:  DECFSZ 01,F
00148:  BRA    0140
0014A:  MOVLW  7B
0014C:  MOVWF  00
0014E:  DECFSZ 00,F
00150:  BRA    014E
00152:  DECFSZ FEF,F
00154:  BRA    013C
00156:  RETURN 0
....................  
.................... #define SENSOR_LEFT PIN_A2 
.................... #define SENSOR_MID PIN_A3 
.................... #define SENSOR_RIGHT PIN_A4 
.................... #define LED1 PIN_B2 
.................... #define LED2 PIN_B3 
.................... #define BUTTON_POWER PIN_B7 
....................  
.................... int1 system_on = FALSE; 
.................... int1 led_state = FALSE; 
.................... int16 blink_counter = 0; 
.................... int1 button_pressed = FALSE; 
....................  
.................... #INT_TIMER0 
.................... void timer0_isr(void) { 
....................     set_timer0(61536); 
*
000AA:  MOVLW  F0
000AC:  MOVWF  FD7
000AE:  MOVLW  60
000B0:  MOVWF  FD6
....................      
....................     if (system_on) { 
000B2:  BTFSS  17.0
000B4:  BRA    011E
....................         int1 left = input(SENSOR_LEFT); 
....................         int1 mid = input(SENSOR_MID); 
....................         int1 right = input(SENSOR_RIGHT); 
....................          
....................         int1 any_black = (left || mid || right); 
000B6:  BSF    F92.2
000B8:  BCF    1B.0
000BA:  BTFSC  F80.2
000BC:  BSF    1B.0
000BE:  BSF    F92.3
000C0:  BCF    1B.1
000C2:  BTFSC  F80.3
000C4:  BSF    1B.1
000C6:  BSF    F92.4
000C8:  BCF    1B.2
000CA:  BTFSC  F80.4
000CC:  BSF    1B.2
000CE:  BCF    1B.3
000D0:  BTFSC  1B.0
000D2:  BRA    00DC
000D4:  BTFSC  1B.1
000D6:  BRA    00DC
000D8:  BTFSS  1B.2
000DA:  BRA    00DE
000DC:  BSF    1B.3
....................          
....................         if (any_black) { 
000DE:  BTFSS  1B.3
000E0:  BRA    0112
....................             blink_counter++; 
000E2:  INCF   18,F
000E4:  BTFSC  FD8.2
000E6:  INCF   19,F
....................             if (blink_counter >= 250) { 
000E8:  MOVF   19,F
000EA:  BNZ   00F2
000EC:  MOVF   18,W
000EE:  SUBLW  F9
000F0:  BC    0110
....................                 blink_counter = 0; 
000F2:  CLRF   19
000F4:  CLRF   18
....................                 led_state = !led_state; 
000F6:  BTG    17.1
....................                 output_bit(LED1, led_state); 
000F8:  BTFSC  17.1
000FA:  BRA    0100
000FC:  BCF    F8A.2
000FE:  BRA    0102
00100:  BSF    F8A.2
00102:  BCF    F93.2
....................                 output_bit(LED2, !led_state); 
00104:  BTFSS  17.1
00106:  BRA    010C
00108:  BCF    F8A.3
0010A:  BRA    010E
0010C:  BSF    F8A.3
0010E:  BCF    F93.3
....................             } 
....................         } else { 
00110:  BRA    011E
....................             blink_counter = 0; 
00112:  CLRF   19
00114:  CLRF   18
....................             output_low(LED1); 
00116:  BCF    F93.2
00118:  BCF    F8A.2
....................             output_low(LED2); 
0011A:  BCF    F93.3
0011C:  BCF    F8A.3
....................         } 
....................     } 
.................... } 
....................  
0011E:  BCF    FF2.2
00120:  GOTO   0064
.................... #INT_RB 
.................... void portb_isr(void) { 
00124:  SETF   F93
00126:  MOVFF  F81,1B
....................     int8 portb = input_b(); 
....................     button_pressed = TRUE; 
0012A:  BSF    17.2
0012C:  BCF    FF2.0
0012E:  GOTO   0064
.................... } 
....................  
.................... void main(void) { 
*
00158:  CLRF   FF8
0015A:  BCF    FD0.7
0015C:  BSF    07.7
0015E:  BCF    17.0
00160:  BCF    17.1
00162:  CLRF   19
00164:  CLRF   18
00166:  BCF    17.2
00168:  MOVF   FC1,W
0016A:  ANDLW  C0
0016C:  IORLW  0F
0016E:  MOVWF  FC1
....................     setup_adc(ADC_OFF); 
00170:  BCF    FC2.0
....................     setup_adc_ports(NO_ANALOGS); 
00172:  MOVF   FC1,W
00174:  ANDLW  C0
00176:  IORLW  0F
00178:  MOVWF  FC1
....................      
....................     set_tris_a(0b00011111); 
0017A:  MOVLW  1F
0017C:  MOVWF  F92
....................     set_tris_b(0b10000011); 
0017E:  MOVLW  83
00180:  MOVWF  F93
....................     port_b_pullups(0b10000011); 
00182:  BCF    FF1.7
....................      
....................     output_low(LED1); 
00184:  BCF    F93.2
00186:  BCF    F8A.2
....................     output_low(LED2); 
00188:  BCF    F93.3
0018A:  BCF    F8A.3
....................      
....................     setup_timer_0(RTCC_INTERNAL | RTCC_DIV_8); 
0018C:  MOVLW  82
0018E:  MOVWF  FD5
....................     set_timer0(61536); 
00190:  MOVLW  F0
00192:  MOVWF  FD7
00194:  MOVLW  60
00196:  MOVWF  FD6
....................      
....................     enable_interrupts(INT_TIMER0); 
00198:  BSF    FF2.5
....................     enable_interrupts(INT_RB); 
0019A:  BSF    FF2.3
....................     enable_interrupts(GLOBAL); 
0019C:  MOVLW  C0
0019E:  IORWF  FF2,F
....................      
....................     while(TRUE) { 
....................         if (button_pressed) { 
001A0:  BTFSS  17.2
001A2:  BRA    01C0
....................             delay_ms(50); 
001A4:  MOVLW  32
001A6:  MOVWF  1A
001A8:  RCALL  0132
....................             if (!input(BUTTON_POWER)) { 
001AA:  BSF    F93.7
001AC:  BTFSC  F81.7
001AE:  BRA    01BE
....................                 system_on = !system_on; 
001B0:  BTG    17.0
....................                 if (!system_on) { 
001B2:  BTFSC  17.0
001B4:  BRA    01BE
....................                     output_low(LED1); 
001B6:  BCF    F93.2
001B8:  BCF    F8A.2
....................                     output_low(LED2); 
001BA:  BCF    F93.3
001BC:  BCF    F8A.3
....................                 } 
....................             } 
....................             button_pressed = FALSE; 
001BE:  BCF    17.2
....................         } 
....................         delay_ms(10); 
001C0:  MOVLW  0A
001C2:  MOVWF  1A
001C4:  RCALL  0132
001C6:  BRA    01A0
....................     } 
.................... } 
....................  
001C8:  SLEEP 

Configuration Fuses:
   Word  1: C200   HS FCMEN IESO
   Word  2: 1E1E   PUT BROWNOUT BORV21 NOWDT WDT32768
   Word  3: 8600   PBADEN LPT1OSC MCLR
   Word  4: 00B1   STVREN NOLVP NOXINST NODEBUG
   Word  5: C03F   NOPROTECT NOCPB NOCPD
   Word  6: E03F   NOWRT NOWRTC NOWRTB NOWRTD
   Word  7: 403F   NOEBTR NOEBTRB
